version https://git-lfs.github.com/spec/v1
oid sha256:8bff739eadec4b635f2d730c2bdac736c57d605e7eec1b2e1172b607e5bfde01
size 137404416
